// Jest Snapshot v1, https://goo.gl/fbAQLP

exports[`about page component user interface checks snapshot matching 1`] = `ShallowWrapper {}`;
