// Jest Snapshot v1, https://goo.gl/fbAQLP

exports[`With Enzyme Checks title text 1`] = `ShallowWrapper {}`;

exports[`With Enzyme Checks title text and snapshot matching 1`] = `ShallowWrapper {}`;
