// Jest Snapshot v1, https://goo.gl/fbAQLP

exports[`loader component checks snapshot matching 1`] = `ShallowWrapper {}`;
